src/app/components/ui/calendar.tsx(63,9): error TS2353: Object literal may only specify known properties, and 'IconLeft' does not exist in type 'Partial<CustomComponents>'.
src/app/components/ui/form.tsx(14,8): error TS2307: Cannot find module 'react-hook-form' or its corresponding type declarations.
src/app/components/ui/sonner.tsx(3,26): error TS2307: Cannot find module 'next-themes' or its corresponding type declarations.
